
D:\demo>git status
On branch master
Your branch and 'origin/master' have diverged,
and have 7 and 6 different commits each, respectively.
  (use "git pull" to merge the remote branch into yours)

Untracked files:
  (use "git add <file>..." to include in what will be committed)
        ../Alti/

nothing added to commit but untracked files present (use "git add" to track)

D:demo>git add .

D:\demo>git commit -m "demo"
On branch master
Your branch and 'origin/master' have diverged,
and have 7 and 6 different commits each, respectively.
  (use "git pull" to merge the remote branch into yours)

Untracked files:
        ../Alti/

nothing added to commit but untracked files present

D:\\demo>git pull
fatal: refusing to merge unrelated histories

D:\demo>git fetch

D:\\demo>git fetch --all
Fetching origin

D:\\demo>git status
On branch master
Your branch and 'origin/master' have diverged,
and have 7 and 6 different commits each, respectively.
  (use "git pull" to merge the remote branch into yours)

nothing to commit, working tree clean

D:\\demo>git add .

D:\\demo>git commit -m "demo"
On branch master
Your branch and 'origin/master' have diverged,
and have 7 and 6 different commits each, respectively.
  (use "git pull" to merge the remote branch into yours)

nothing to commit, working tree clean

D:demo>git branch
* master

D:\demo>git checkout -b "demo-shopping-cart"
Switched to a new branch 'demo-shopping-cart'

D:\\demo>git branch
* demo-shopping-cart
  master

D:\demo>git add .

D:demo>git commit -m "Adding changes"
On branch demo-shopping-cart
nothing to commit, working tree clean

D:\demo>git add .
warning: LF will be replaced by CRLF in demo/src/main/java/com/altimetrik/ee/demo/service/ProductService.java.
The file will have its original line endings in your working directory

D:\\demo>git commit -m "Adding changes"
[demo-shopping-cart d753cee] Adding changes
 1 file changed, 1 insertion(+), 1 deletion(-)

D:\\demo>git push
fatal: The current branch demo-shopping-cart has no upstream branch.
To push the current branch and set the remote as upstream, use

    git push --set-upstream origin demo-shopping-cart


D:demo>git push --set-upstream origin demo-shopping-cart
Enumerating objects: 158, done.
Counting objects: 100% (158/158), done.
Delta compression using up to 8 threads
Compressing objects: 100% (107/107), done.
Writing objects: 100% (158/158), 1.19 MiB | 227.00 KiB/s, done.
Total 158 (delta 37), reused 27 (delta 1)
remote: Resolving deltas: 100% (37/37), done.
remote:
remote: To create a merge request for demo-shopping-cart, visit:
remote:   git url
remote:
To git url
 * [new branch]      demo-shopping-cart -> demo-shopping-cart
Branch 'demo-shopping-cart' set up to track remote branch 'demo-shopping-cart' from 'origin'.

D:\Paypal\demo>git checkout master
Switched to branch 'master'
Your branch and 'origin/master' have diverged,
and have 9 and 6 different commits each, respectively.
  (use "git pull" to merge the remote branch into yours)

D:\demo>git pull
fatal: refusing to merge unrelated histories

D:\demo>git reset --hard
HEAD is now at 20aae9d Adding

D:\demo>git pull
fatal: refusing to merge unrelated histories

D:\demo>git fetch --all
Fetching origin

D:\demo>git merge demo-shopping-cart
Updating 20aae9d..d753cee
Fast-forward
 demo/src/main/java/com/altimetrik/ee/demo/service/ProductService.java | 2 +-
 1 file changed, 1 insertion(+), 1 deletion(-)

D:demo>git push
To git url
 ! [rejected]        master -> master (non-fast-forward)
error: failed to push some refs to 'git url'
hint: Updates were rejected because the tip of your current branch is behind
hint: its remote counterpart. Integrate the remote changes (e.g.
hint: 'git pull ...') before pushing again.
hint: See the 'Note about fast-forwards' in 'git push --help' for details.

D:\demo>git pull
fatal: refusing to merge unrelated histories




Success Commands for error

Microsoft Windows [Version 10.0.18363.778]
(c) 2019 Microsoft Corporation. All rights reserved.

D:\GitProj\Demo1\e-commercecart>git status
On branch master
Your branch is ahead of 'origin/master' by 1 commit.
  (use "git push" to publish your local commits)

nothing to commit, working tree clean

D:\GitProj\Demo1\e-commercecart>git remote --v
origin  git url (fetch)
origin  git url (push)

D:\GitProj\Demo1\e-commercecart>git push --set-upstream origin -f
Enumerating objects: 45, done.
Counting objects: 100% (45/45), done.
Delta compression using up to 8 threads
Compressing objects: 100% (24/24), done.
Writing objects: 100% (30/30), 6.41 KiB | 3.20 MiB/s, done.
Total 30 (delta 8), reused 13 (delta 2)
To git url
   6a446f4..b85c33a  master -> master
Branch 'master' set up to track remote branch 'master' from 'origin'.










#################################################################################################################################
#################################################################################################################################
git add .

D:\DSGitHUb>git commit -m "first commit"
On branch master
Your branch is based on 'origin/master', but the upstream is gone.
  (use "git branch --unset-upstream" to fixup)

nothing to commit, working tree clean

D:\DSGitHUb>git remote add origin giturl
fatal: remote origin already exists.

D:\DSGitHUb>git status
On branch master
Your branch is based on 'origin/master', but the upstream is gone.
  (use "git branch --unset-upstream" to fixup)

nothing to commit, working tree clean

D:\DSGitHUb>git branch --set-upstream-to=origin/source
error: the requested upstream branch 'origin/source' does not exist
hint:
hint: If you are planning on basing your work on an upstream
hint: branch that already exists at the remote, you may need to
hint: run "git fetch" to retrieve it.
hint:
hint: If you are planning to push out a new local branch that
hint: will track its remote counterpart, you may want to use
hint: "git push -u" to set the upstream config as you push.

D:\DSGitHUb>git fetch

D:\DSGitHUb>git push -u origin master














































































